<!DOCTYPE html PUBLIC "-//W3C//DTD HTML 4.01 Transitional//EN" "http://www.w3.org/TR/html4/loose.dtd">
<html><meta http-equiv="Content-Type" content="text/html; charset=utf-8">
<title>std::experimental::unexpected&lt;E&gt; try_operation_return_as(std::experimental::expected&lt;T, E&gt;) - Boost.Outcome documentation</title>
<link rel="stylesheet" href="../../css/boost.css" type="text/css">
<meta name="generator" content="Hugo 0.52 with Boostdoc theme">
<meta name="viewport" content="width=device-width,initial-scale=1.0"/>

<link rel="icon" href="../../images/favicon.ico" type="image/ico"/>
<body><div class="spirit-nav">
<a accesskey="p" href="../../reference/functions/error_from_exception.html"><img src="../../images/prev.png" alt="Prev"></a>
    <a accesskey="u" href="../../reference/functions.html"><img src="../../images/up.png" alt="Up"></a>
    <a accesskey="h" href="../../index.html"><img src="../../images/home.png" alt="Home"></a><a accesskey="n" href="../../reference/functions/try_throw_std_exception_from_error.html"><img src="../../images/next.png" alt="Next"></a></div><div id="content">
  <div class="titlepage"><div><div><h1 style="clear: both"><code>std::experimental::unexpected&lt;E&gt; try_operation_return_as(std::experimental::expected&lt;T, E&gt;)</code></h1></div></div></div>
  <p>This implementation of <a href="../../reference/converters/try_operation_return_as.html" class="api-reference"><code>try_operation_return_as(expr)</code></a> returns an unexpected for any expected input. This allows the use of functions returning <code>std::experimental::expected&lt;T, E&gt;</code> in <code>BOOST_OUTCOME_TRY(...)</code>.</p>

<p><em>Requires</em>: Always available.</p>

<p><em>Namespace</em>: <code>BOOST_OUTCOME_V2_NAMESPACE</code></p>

<p><em>Header</em>: <code>&lt;boost/outcome/try.hpp&gt;</code></p>


        </div><p><small>Last revised: January 21, 2019 at 18:00:41 UTC</small></p>
<hr>
<div class="spirit-nav">
<a accesskey="p" href="../../reference/functions/error_from_exception.html"><img src="../../images/prev.png" alt="Prev"></a>
    <a accesskey="u" href="../../reference/functions.html"><img src="../../images/up.png" alt="Up"></a>
    <a accesskey="h" href="../../index.html"><img src="../../images/home.png" alt="Home"></a><a accesskey="n" href="../../reference/functions/try_throw_std_exception_from_error.html"><img src="../../images/next.png" alt="Next"></a></div></body>
</html>
